source|target|source_label|target_label
label1|label2|label1|label2
label2|label3|label2|label3
