S|P|O
label1|labelR1|label2
label2|labelR1|label7
label9|labelR1|label7
label3|labelR1|label9
