source_node,target_node,num_paths
label1,label2,1
label2,label3,1
